ERROR Database connection failed
ERROR Network timeout
ERROR Memory allocation failed
